[dotenv@17.2.3] injecting env (47) from .env -- tip: ≡ƒöä add secrets lifecycle management: https://dotenvx.com/ops

[1m[46m RUN [49m[22m [36mv4.0.17 [39m[90mC:/Users/Gaurav/Buzzma/MOBO/backend[39m

[90mstdout[2m | tests/extraction.spec.ts[2m > [22m[2morder extraction (Tesseract fallback)[2m > [22m[2mextracts Amazon order ID and amount from a rendered image
[22m[39mAmazon extraction result: {
  "orderId": "408-9652341-7203568",
  "amount": 522,
  "orderDate": "5 February 2026",
  "soldBy": "AvimeeHerbal",
  "productName": "Avimee Herbal Keshpallav Hair Oil",
  "confidenceScore": 78,
  "notes": "Deterministic order ID extracted. Deterministic amount extracted. Order date extracted. Seller info extracted. Product name extracted."
}

[90mstdout[2m | tests/extraction.spec.ts[2m > [22m[2morder extraction (Tesseract fallback)[2m > [22m[2mextracts Flipkart order ID from a rendered image
[22m[39mFlipkart extraction result: {
  "orderId": "0D43218765U4321098",
  "amount": 14999,
  "orderDate": "3 Feb 2026",
  "soldBy": null,
  "productName": "Samsung Galaxy M34 5G",
  "confidenceScore": 78,
  "notes": "Deterministic order ID extracted. Deterministic amount extracted. Order date extracted. Product name extracted."
}

[90mstdout[2m | tests/extraction.spec.ts[2m > [22m[2morder extraction (Tesseract fallback)[2m > [22m[2mreturns low confidence for blank/unreadable images
[22m[39mBlank image result: {
  "orderId": null,
  "amount": null,
  "confidenceScore": 15,
  "notes": "OCR failed to read text. Please upload a clearer screenshot."
}

[90mstdout[2m | tests/extraction.spec.ts[2m > [22m[2morder extraction (Tesseract fallback)[2m > [22m[2mhandles a large phone-screenshot-sized image without rejecting
[22m[39mLarge image size: 126 KB (128975 chars)

node.exe : Estimating resolution as 633
At line:1 char:1
+ & "C:\Program Files\nodejs/node.exe" "C:\Program Files\nodejs/node_mo ...
+ ~~~~~~~~~~~~~~~~~~~~~~~~~~~~~~~~~~~~~~~~~~~~~~~~~~~~~~~~~~~~~~~~~~~~~
    + CategoryInfo          : NotSpecified: (Estimating resolution as 633:Stri 
   ng) [], RemoteException
    + FullyQualifiedErrorId : NativeCommandError
 
[90mstdout[2m | tests/extraction.spec.ts[2m > [22m[2morder extraction (Tesseract fallback)[2m > [22m[2mhandles a large phone-screenshot-sized image without rejecting
[22m[39mLarge image result: {
  "orderId": "408-9652341-7203568",
  "amount": 522,
  "orderDate": "5 February 2026",
  "soldBy": "AvimeeHerbal",
  "productName": "Avimee Herbal Keshpallav Hair Oil for Hair Growth",
  "confidenceScore": 78,
  "notes": "Deterministic order ID extracted. Deterministic amount extracted. Order date extracted. Seller info extracted. Product name extracted."
}

Estimating resolution as 751
[90mstdout[2m | tests/extraction.spec.ts[2m > [22m[2morder extraction (Tesseract fallback)[2m > [22m[2mextracts Meesho order ID and amount
[22m[39mMeesho result: {
  "orderId": "MEESHO845123",
  "amount": 349,
  "orderDate": "1 Feb 2026",
  "soldBy": null,
  "productName": "Women Cotton Printed Kurti",
  "confidenceScore": 78,
  "notes": "Deterministic order ID extracted. Deterministic amount extracted. Order date extracted. Product name extracted."
}

Estimating resolution as 751
[90mstdout[2m | tests/extraction.spec.ts[2m > [22m[2morder extraction (Tesseract fallback)[2m > [22m[2mextracts Myntra order ID
[22m[39mMyntra result: {
  "orderId": "MYN3847291",
  "amount": 2499,
  "orderDate": null,
  "soldBy": null,
  "productName": "PUMA Running Shoes",
  "confidenceScore": 78,
  "notes": "Deterministic order ID extracted. Deterministic amount extracted. Product name extracted."
}

Estimating resolution as 408
[90mstdout[2m | tests/extraction.spec.ts[2m > [22m[2morder extraction (Tesseract fallback)[2m > [22m[2mextracts from desktop-style wide screenshot
[22m[39mDesktop result: {
  "orderId": "408-1234567-8901234",
  "amount": 1299,
  "orderDate": null,
  "soldBy": null,
  "productName": "boAt Rockerz 450 Bluetooth",
  "confidenceScore": 78,
  "notes": "Deterministic order ID extracted. Deterministic amount extracted. Product name extracted."
}

Estimating resolution as 750
[90mstdout[2m | tests/extraction.spec.ts[2m > [22m[2morder extraction (Tesseract fallback)[2m > [22m[2mhandles Indian comma format and picks "Amount Paid" over MRP
[22m[39mAmount priority result: {
  "orderId": "402-9876543-1234567",
  "amount": 29999,
  "orderDate": null,
  "soldBy": null,
  "productName": "Discount: Rs 16,000.00",
  "confidenceScore": 78,
  "notes": "Deterministic order ID extracted. Deterministic amount extracted. Product name extracted."
}

Estimating resolution as 756
[90mstdout[2m | tests/extraction.spec.ts[2m > [22m[2morder extraction (Tesseract fallback)[2m > [22m[2mextracts product name from Amazon order screenshot
[22m[39mAmazon product name result: {
  "orderId": "408-3456789-1234567",
  "amount": 10999,
  "orderDate": "12 January 2026",
  "soldBy": "Appario Retail Private Ltd",
  "productName": "Samsung Galaxy M14 5G (Berry Blue, 6GB, 128GB",
  "confidenceScore": 78,
  "notes": "Deterministic order ID extracted. Deterministic amount extracted. Order date extracted. Seller info extracted. Product name extracted."
}

Estimating resolution as 753
[90mstdout[2m | tests/extraction.spec.ts[2m > [22m[2morder extraction (Tesseract fallback)[2m > [22m[2mextracts Nykaa beauty product name
[22m[39mNykaa product name result: {
  "orderId": "NYKU829371",
  "amount": 695,
  "orderDate": "5 Feb 2026",
  "soldBy": null,
  "productName": "Lakme Absolute Matte Revolution Lip Color 3.5g",
  "confidenceScore": 78,
  "notes": "Deterministic order ID extracted. Deterministic amount extracted. Order date extracted. Product name extracted."
}

Estimating resolution as 759
[90mstdout[2m | tests/extraction.spec.ts[2m > [22m[2morder extraction (Tesseract fallback)[2m > [22m[2mextracts Blinkit grocery product name
[22m[39mBlinkit product name result: {
  "orderId": "BLK92837U46",
  "amount": 72,
  "orderDate": null,
  "soldBy": null,
  "productName": "Amul Gold Milk 500ml",
  "confidenceScore": 78,
  "notes": "Deterministic order ID extracted. Deterministic amount extracted. Product name extracted."
}

Estimating resolution as 754
[90mstdout[2m | tests/extraction.spec.ts[2m > [22m[2morder extraction (Tesseract fallback)[2m > [22m[2mextracts AJIO fashion product name
[22m[39mAJIO product name result: {
  "orderId": "FN7382945",
  "amount": 1299,
  "orderDate": "3 Feb 2026",
  "soldBy": null,
  "productName": "US Polo Assn Men Slim Fit Cotton Shirt",
  "confidenceScore": 78,
  "notes": "Deterministic order ID extracted. Deterministic amount extracted. Order date extracted. Product name extracted."
}

Estimating resolution as 758
[90mstdout[2m | tests/extraction.spec.ts[2m > [22m[2morder extraction (Tesseract fallback)[2m > [22m[2mrejects URL as product name
[22m[39mURL rejection result: {
  "orderId": "408-1111111-2222222",
  "amount": 12999,
  "orderDate": null,
  "soldBy": null,
  "productName": null,
  "confidenceScore": 78,
  "notes": "Deterministic order ID extracted. Deterministic amount extracted."
}

Estimating resolution as 756
[90mstdout[2m | tests/extraction.spec.ts[2m > [22m[2morder extraction (Tesseract fallback)[2m > [22m[2mrejects delivery status as product name
[22m[39mDelivery status rejection result: {
  "orderId": "408-3333333-4444yyy",
  "amount": 599,
  "orderDate": null,
  "soldBy": null,
  "productName": null,
  "confidenceScore": 78,
  "notes": "Deterministic order ID extracted. Deterministic amount extracted."
}

Estimating resolution as 750
[90mstdout[2m | tests/extraction.spec.ts[2m > [22m[2morder extraction (Tesseract fallback)[2m > [22m[2mrejects category list as product name
[22m[39mCategory list rejection result: {
  "orderId": "408-5555555-6666666",
  "amount": 899,
  "orderDate": null,
  "soldBy": null,
  "productName": "boAt Airdopes 131 TWS Earbuds",
  "confidenceScore": 78,
  "notes": "Deterministic order ID extracted. Deterministic amount extracted. Product name extracted."
}

Estimating resolution as 752
[90mstdout[2m | tests/extraction.spec.ts[2m > [22m[2morder extraction (Tesseract fallback)[2m > [22m[2mextracts Meesho product name correctly
[22m[39mMeesho product name result: {
  "orderId": "MEESHO192837",
  "amount": 449,
  "orderDate": "28 Jan 2026",
  "soldBy": null,
  "productName": "Floral Printed Cotton Anarkali Kurti for Women",
  "confidenceScore": 78,
  "notes": "Deterministic order ID extracted. Deterministic amount extracted. Order date extracted. Product name extracted."
}

Estimating resolution as 752
[90mstdout[2m | tests/extraction.spec.ts[2m > [22m[2morder extraction (Tesseract fallback)[2m > [22m[2mrejects address/pincode as product name
[22m[39mAddress rejection result: {
  "orderId": "408-7777777-8888888",
  "amount": 3499,
  "orderDate": null,
  "soldBy": null,
  "productName": "JBL Tune 760NC Wireless Headphones",
  "confidenceScore": 78,
  "notes": "Deterministic order ID extracted. Deterministic amount extracted. Product name extracted."
}

 [32mΓ£ô[39m tests/extraction.spec.ts [2m([22m[2m17 tests[22m[2m)[22m[33m 32854[2mms[22m[39m
     [33m[2mΓ£ô[22m[39m extracts Amazon order ID and amount from a rendered image [33m 2689[2mms[22m[39m
     [33m[2mΓ£ô[22m[39m extracts Flipkart order ID from a rendered image [33m 1325[2mms[22m[39m
     [33m[2mΓ£ô[22m[39m returns low confidence for blank/unreadable images [33m 9176[2mms[22m[39m
     [33m[2mΓ£ô[22m[39m handles a large phone-screenshot-sized image without rejecting [33m 2293[2mms[22m[39m
     [33m[2mΓ£ô[22m[39m extracts Meesho order ID and amount [33m 1311[2mms[22m[39m
     [33m[2mΓ£ô[22m[39m extracts Myntra order ID [33m 1001[2mms[22m[39m
     [33m[2mΓ£ô[22m[39m extracts from desktop-style wide screenshot [33m 1250[2mms[22m[39m
     [33m[2mΓ£ô[22m[39m handles Indian comma format and picks "Amount Paid" over MRP [33m 1210[2mms[22m[39m
     [33m[2mΓ£ô[22m[39m extracts product name from Amazon order screenshot [33m 1476[2mms[22m[39m
     [33m[2mΓ£ô[22m[39m extracts Nykaa beauty product name [33m 1449[2mms[22m[39m
     [33m[2mΓ£ô[22m[39m extracts Blinkit grocery product name [33m 1330[2mms[22m[39m
     [33m[2mΓ£ô[22m[39m extracts AJIO fashion product name [33m 1452[2mms[22m[39m
     [33m[2mΓ£ô[22m[39m rejects URL as product name [33m 1011[2mms[22m[39m
     [33m[2mΓ£ô[22m[39m rejects delivery status as product name [33m 875[2mms[22m[39m
     [33m[2mΓ£ô[22m[39m rejects category list as product name [33m 995[2mms[22m[39m
     [33m[2mΓ£ô[22m[39m extracts Meesho product name correctly [33m 1170[2mms[22m[39m
     [33m[2mΓ£ô[22m[39m rejects address/pincode as product name [33m 1213[2mms[22m[39m
 [32mΓ£ô[39m tests/auth.register.spec.ts [2m([22m[2m8 tests[22m[2m)[22m[33m 92225[2mms[22m[39m
     [33m[2mΓ£ô[22m[39m registers a shopper via invite and consumes the invite [33m 15032[2mms[22m[39m
     [33m[2mΓ£ô[22m[39m registers a mediator via invite and consumes the invite [33m 11837[2mms[22m[39m
     [33m[2mΓ£ô[22m[39m registers a mediator via agency code when invite is not found [33m 9466[2mms[22m[39m
     [33m[2mΓ£ô[22m[39m registers a brand via invite and consumes the invite [33m 11358[2mms[22m[39m
     [33m[2mΓ£ô[22m[39m registers a shopper via mediator code when invite is not found [33m 10510[2mms[22m[39m
     [33m[2mΓ£ô[22m[39m registers an agency via invite and creates an Agency record [33m 11154[2mms[22m[39m
     [33m[2mΓ£ô[22m[39m rejects expired invites and does not create a user [33m 9427[2mms[22m[39m
     [33m[2mΓ£ô[22m[39m enforces maxUses (replay-safe): second registration fails and user is not created [33m 12083[2mms[22m[39m
 [32mΓ£ô[39m tests/order.step-verification.spec.ts [2m([22m[2m2 tests[22m[2m)[22m[33m 65388[2mms[22m[39m
     [33m[2mΓ£ô[22m[39m keeps order UNDER_REVIEW when purchase verified but review proof missing, then approves after review verified [33m 32560[2mms[22m[39m
     [33m[2mΓ£ô[22m[39m keeps order UNDER_REVIEW when purchase verified but rating proof missing, then approves after rating verified [33m 31541[2mms[22m[39m
 [32mΓ£ô[39m tests/deals.publish.spec.ts [2m([22m[2m3 tests[22m[2m)[22m[33m 36359[2mms[22m[39m
     [33m[2mΓ£ô[22m[39m allows mediator to publish when campaign has a slot assignment (even if allowedAgencyCodes is missing) [33m 13051[2mms[22m[39m
     [33m[2mΓ£ô[22m[39m allows publishing with commission omitted (defaults to 0) [33m 12015[2mms[22m[39m
     [33m[2mΓ£ô[22m[39m rejects publishing when buyer discount exceeds agency commission [33m 9940[2mms[22m[39m
 [32mΓ£ô[39m tests/orders.products.ops.brand.spec.ts [2m([22m[2m1 test[22m[2m)[22m[33m 51929[2mms[22m[39m
     [33m[2mΓ£ô[22m[39m supports end-to-end API flow (minimal assertions, contract-focused) [33m 50622[2mms[22m[39m
 [32mΓ£ô[39m tests/campaign.assign-slots.spec.ts [2m([22m[2m2 tests[22m[2m)[22m[33m 21096[2mms[22m[39m
     [33m[2mΓ£ô[22m[39m rejects empty/zero allocations and only locks after a real assignment [33m 11133[2mms[22m[39m
     [33m[2mΓ£ô[22m[39m prevents agencies from assigning to non-active mediators [33m 8591[2mms[22m[39m
